// Jest Snapshot v1, https://goo.gl/fbAQLP

exports[`AddToDoForm when component has rendered Should match snapshot 1`] = `
<form>
  <input
    className="todo-input"
    name="todo"
  />
  <Button>
    Add
  </Button>
</form>
`;
